------------------------------------------------------------------------
Original str:
  2015-10-12 12:12:32.453255123
------------------------------------------------------------------------
Passed to toTimestamp() as str:
  Oct 12, 2015 12:12:32 PM
  1444644752.453255123
------------------------------------------------------------------------
Converted to float in python:
  Oct 12, 2015 12:12:32 PM
  1444644752.45
------------------------------------------------------------------------
Passed to toTimestamp() as float:
  Oct 12, 2015 12:12:32 PM
  1444644752.453255176
------------------------------------------------------------------------
